I'm sorry, but errors were detected in your script. Please correct the
errors listed below, and try again.


File "game/script.rpy", line 33: if statement expects a non-empty block.
    if social_pol == 1:
                       ^

Ren'Py Version: Ren'Py 6.99.14.1.3218
Tue Mar 20 19:50:20 2018
